[ekosh.net/index.html]
[backblue.gif]
[fade.gif]
[index.html]
[ekosh.net/wp-includes/css/dist/block-library/style.min3781.css]
[ekosh.net/feed/index.html]
[ekosh.net/wp-includes/css/classic-themes.min3781.css]
[ekosh.net/comments/feed/index.html]
[ekosh.net/wp-content/plugins/contact-form-7/includes/css/styles7661.css]
[ekosh.net/wp-content/themes/engitech/css/bootstrapf9b8.css]
[ekosh.net/wp-content/themes/engitech/css/font-awesome.min3781.css]
[ekosh.net/wp-content/themes/engitech/css/flaticon3781.css]
[ekosh.net/wp-content/themes/engitech/css/slick3781.css]
[ekosh.net/wp-content/themes/engitech/css/slick-theme3781.css]
[ekosh.net/wp-content/themes/engitech/css/magnific-popup3781.css]
[ekosh.net/wp-content/themes/engitech-child/style3781.css]
[ekosh.net/wp-content/themes/engitech/inc/backend/css/simple-likes-public3781.css]
[ekosh.net/wp-content/themes/engitech/css/royal-preload3781.css]
[ekosh.net/wp-content/plugins/elementor/assets/lib/eicons/css/elementor-icons.minb683.css]
[ekosh.net/wp-content/plugins/elementor/assets/css/frontend.min3d36.css]
[ekosh.net/wp-content/plugins/elementor/assets/lib/eicons/fonts/eicons0b93.eot]
[ekosh.net/wp-content/uploads/elementor/css/post-7f843.css]
[ekosh.net/wp-content/uploads/elementor/css/globalf843.css]
[ekosh.net/wp-content/uploads/elementor/css/post-2451de25.css]
[ekosh.net/wp-content/plugins/elementor/assets/lib/font-awesome/css/fontawesome.min52d5.css]
[ekosh.net/wp-content/plugins/elementor/assets/lib/font-awesome/css/solid.min52d5.css]
[ekosh.net/wp-includes/js/jquery/jquery.min5aed.js]
[ekosh.net/wp-includes/js/jquery/jquery-migrate.min6b00.js]
[ekosh.net/wp-content/themes/engitech/inc/backend/js/simple-likes-public6a79.js]
[ekosh.net/wp-json/wp/v2/pages/2451.json]
[ekosh.net/wp-json/index.html]
[ekosh.net/xmlrpc0db0.php]
[ekosh.net/wp-includes/wlwmanifest.xml]
[ekosh.net/wp-json/oembed/1.0/embed0b67.json]
[ekosh.net/wp-json/oembed/1.0/embedb3dd]
[ekosh.net/wp-content/uploads/2021/08/bg-pheader.jpg]
[ekosh.net/wp-content/fonts/roboto/KFOmCnqEu92Fr1Mu72xMKTU1Kvnz.woff]
[ekosh.net/wp-content/fonts/roboto/KFOmCnqEu92Fr1Mu5mxMKTU1Kvnz.woff]
[ekosh.net/wp-content/fonts/roboto/KFOmCnqEu92Fr1Mu7mxMKTU1Kvnz.woff]
[ekosh.net/wp-content/fonts/roboto/KFOmCnqEu92Fr1Mu4WxMKTU1Kvnz.woff]
[ekosh.net/wp-content/fonts/roboto/KFOmCnqEu92Fr1Mu7WxMKTU1Kvnz.woff]
[ekosh.net/wp-content/fonts/roboto/KFOmCnqEu92Fr1Mu7GxMKTU1Kvnz.woff]
[ekosh.net/wp-content/fonts/roboto/KFOmCnqEu92Fr1Mu4mxMKTU1Kg.woff]
[ekosh.net/wp-content/uploads/2021/08/for_web.png]
[ekosh.net/why-choose-us/index.html]
[ekosh.net/it-services/index.html]
[ekosh.net/wp-content/uploads/2019/11/project11.jpg]
[ekosh.net/it-services/network-2/index.html]
[ekosh.net/wp-content/uploads/2019/11/project11-720x720.jpg]
[ekosh.net/it-services/server/index.html]
[ekosh.net/wp-content/uploads/2019/11/project10.jpg]
[ekosh.net/it-services/data-center-2/index.html]
[ekosh.net/wp-content/uploads/2019/11/project10-720x720.jpg]
[ekosh.net/wp-content/uploads/2019/11/project4.jpg]
[ekosh.net/wp-content/uploads/2019/11/project4-720x720.jpg]
[ekosh.net/it-services/storage/index.html]
[ekosh.net/wp-content/uploads/2019/11/project6.jpg]
[ekosh.net/wp-content/uploads/2019/11/project6-720x720.jpg]
[ekosh.net/wp-content/uploads/2019/11/project2.jpg]
[ekosh.net/wp-content/uploads/2019/11/project2-720x720.jpg]
[ekosh.net/wp-content/uploads/2019/11/project1.jpg]
[ekosh.net/it-services/backup-solution/index.html]
[ekosh.net/wp-content/uploads/2019/11/project1-720x720.jpg]
[ekosh.net/it-services/security/index.html]
[ekosh.net/it-services/surveillance/index.html]
[ekosh.net/wp-content/uploads/2021/08/requirement2.jpg]
[ekosh.net/project/index.html]
[ekosh.net/solutions/index.html]
[ekosh.net/contacts/index.html]
[ekosh.net/wp-content/uploads/2021/08/design.jpg]
[ekosh.net/wp-content/uploads/2021/08/execution.jpg]
[ekosh.net/wp-content/uploads/2020/03/image1-home2.png]
[ekosh.net/wp-content/uploads/2019/11/project3-720x720.jpg]
[ekosh.net/portfolio/app-for-virtual-reality/index.html]
[ekosh.net/portfolio-category/design/index.html]
[ekosh.net/portfolio-category/ideas/index.html]
[engitech.s3.amazonaws.com/images/g-image.png]
[ekosh.net/portfolio/mobile-coin-view-app/index.html]
[ekosh.net/portfolio-category/development/index.html]
[ekosh.net/portfolio/analysis-of-security/index.html]
[ekosh.net/portfolio-category/technology/index.html]
[engitech.s3.amazonaws.com/images/t-image.png]
[ekosh.net/portfolio/ecommerce-website/index.html]
[engitech.s3.amazonaws.com/images/r-image.png]
[engitech.s3.amazonaws.com/images/b-image.png]
[ekosh.net/wp-content/uploads/elementor/css/post-2843f2cd.css]
[ekosh.net/wp-content/uploads/elementor/css/post-28545ca8.css]
[ekosh.net/wp-content/uploads/elementor/css/post-2856ef08.css]
[ekosh.net/wp-content/uploads/elementor/css/post-313464f9.css]
[ekosh.net/wp-content/plugins/elementor/assets/lib/animations/animations.min3d36.css]
[ekosh.net/wp-content/plugins/elementor/assets/lib/font-awesome/css/brands.min52d5.css]
[ekosh.net/wp-content/plugins/revslider/public/assets/css/rs6adc6.css]
[ekosh.net/wp-includes/js/dist/vendor/wp-polyfill-inert.min0226.js]
[ekosh.net/wp-includes/js/dist/vendor/regenerator-runtime.min8fa4.js]
[ekosh.net/wp-includes/js/dist/vendor/wp-polyfill.min2c7c.js]
[ekosh.net/wp-content/plugins/contact-form-7/includes/js/index7661.js]
[ekosh.net/wp-content/plugins/revslider/public/assets/js/rbtools.minadc6.js]
[ekosh.net/wp-content/themes/engitech/js/royal_preloader.minfc48.js]
[ekosh.net/wp-includes/js/imagesloaded.mineda1.js]
[ekosh.net/wp-content/plugins/revslider/public/assets/js/rs6.minadc6.js]
[ekosh.net/wp-content/themes/engitech/js/jquery.magnific-popup.minfc48.js]
[ekosh.net/wp-content/themes/engitech/js/jquery.isotope.min3758.js]
[ekosh.net/wp-content/themes/engitech/js/slick.minfc48.js]
[ekosh.net/wp-content/themes/engitech/js/easypiechart.min3758.js]
[ekosh.net/wp-content/themes/engitech/js/jquery.countdown.minfc48.js]
[ekosh.net/wp-content/themes/engitech/js/elementorfc48.js]
[ekosh.net/wp-content/themes/engitech/js/elementor-headerfc48.js]
[ekosh.net/wp-content/themes/engitech/js/scriptsfc48.js]
[ekosh.net/wp-content/themes/engitech/js/header-mobilefc48.js]
[ekosh.net/wp-content/plugins/mailchimp-for-wp/assets/js/forms81db.js]
[ekosh.net/wp-content/plugins/elementor/assets/js/webpack.runtime.min3d36.js]
[ekosh.net/wp-content/plugins/elementor/assets/js/frontend-modules.min3d36.js]
[ekosh.net/wp-content/plugins/elementor/assets/lib/waypoints/waypoints.min05da.js]
[ekosh.net/wp-includes/js/jquery/ui/core.min3f14.js]
[ekosh.net/wp-content/plugins/elementor/assets/lib/swiper/swiper.min48f5.js]
[ekosh.net/wp-content/plugins/elementor/assets/lib/share-link/share-link.min3d36.js]
[ekosh.net/wp-content/plugins/elementor/assets/lib/dialog/dialog.mina288.js]
[ekosh.net/wp-content/plugins/elementor/assets/js/frontend.min3d36.js]
[ekosh.net/index.html]
[ekosh.net/wp-includes/css/dist/block-library/style.min3781.css]
[ekosh.net/wp-includes/css/classic-themes.min3781.css]
[ekosh.net/wp-content/plugins/contact-form-7/includes/css/styles7661.css]
[ekosh.net/wp-content/themes/engitech/css/bootstrapf9b8.css]
[ekosh.net/wp-content/plugins/elementor/assets/js/preloaded-modules.min3d36.js]
[ekosh.net/wp-content/themes/engitech/fonts/fa-brands-400.eot]
[ekosh.net/wp-content/themes/engitech/fonts/fa-brands-400d41d.eot]
[ekosh.net/wp-content/themes/engitech/fonts/fa-brands-400.woff2]
[ekosh.net/wp-content/themes/engitech/fonts/fa-brands-400.woff]
[ekosh.net/wp-content/themes/engitech/fonts/fa-brands-400.ttf]
[ekosh.net/wp-content/themes/engitech/fonts/fa-regular-400.eot]
[ekosh.net/wp-content/themes/engitech/fonts/fa-regular-400d41d.eot]
[ekosh.net/wp-content/themes/engitech/fonts/fa-regular-400.woff2]
[ekosh.net/wp-content/themes/engitech/fonts/fa-regular-400.woff]
[ekosh.net/wp-content/themes/engitech/fonts/fa-regular-400.ttf]
[ekosh.net/wp-content/themes/engitech/fonts/fa-solid-900.eot]
[ekosh.net/wp-content/themes/engitech/fonts/fa-solid-900d41d.eot]
[ekosh.net/wp-content/themes/engitech/fonts/fa-solid-900.woff2]
[ekosh.net/wp-content/themes/engitech/fonts/fa-solid-900.woff]
[ekosh.net/wp-content/themes/engitech/fonts/fa-solid-900.ttf]
[ekosh.net/wp-content/themes/engitech/css/font-awesome.min3781.css]
[ekosh.net/wp-content/themes/engitech/fonts/Flaticon.eot]
[ekosh.net/wp-content/themes/engitech/fonts/Flaticond41d.eot]
[ekosh.net/wp-content/themes/engitech/fonts/Flaticon.woff2]
[ekosh.net/wp-content/themes/engitech/fonts/Flaticon.woff]
[ekosh.net/wp-content/themes/engitech/fonts/Flaticon.ttf]
[ekosh.net/wp-content/themes/engitech/css/flaticon3781.css]
[ekosh.net/wp-content/themes/engitech/css/slick3781.css]
[ekosh.net/wp-content/themes/engitech/css/slick-theme3781.css]
[ekosh.net/wp-content/themes/engitech/css/magnific-popup3781.css]
[ekosh.net/wp-content/themes/engitech-child/style3781.css]
[ekosh.net/wp-content/themes/engitech/inc/backend/css/simple-likes-public3781.css]
[ekosh.net/wp-content/themes/engitech/css/royal-preload3781.css]
[ekosh.net/wp-content/themes/engitech/style.css]
[ekosh.net/wp-content/plugins/elementor/assets/lib/eicons/fonts/eicons02d6.eot]
[ekosh.net/wp-content/plugins/elementor/assets/lib/eicons/fonts/eicons02d6.woff2]
[ekosh.net/wp-content/plugins/elementor/assets/lib/eicons/fonts/eicons02d6.woff]
[ekosh.net/wp-content/plugins/elementor/assets/lib/eicons/fonts/eicons02d6.ttf]
[ekosh.net/wp-content/plugins/elementor/assets/lib/eicons/css/elementor-icons.minb683.css]
[ekosh.net/wp-content/plugins/elementor/assets/css/frontend.min3d36.css]
[ekosh.net/wp-content/uploads/elementor/css/post-7f843.css]
[ekosh.net/wp-content/uploads/elementor/css/globalf843.css]
[engitech.s3.amazonaws.com/images/bg-particle1.png]
[engitech.s3.amazonaws.com/images/bg-cta1.jpg]
[engitech.s3.amazonaws.com/images/bg-cta-home2.jpg]
[ekosh.net/wp-content/uploads/elementor/css/post-2451de25.css]
[ekosh.net/wp-content/plugins/elementor/assets/lib/font-awesome/css/fontawesome.min52d5.css]
[ekosh.net/wp-content/plugins/elementor/assets/lib/font-awesome/webfonts/fa-solid-900.eot]
[ekosh.net/wp-content/plugins/elementor/assets/lib/font-awesome/webfonts/fa-solid-900d41d.eot]
[ekosh.net/wp-content/plugins/elementor/assets/lib/font-awesome/webfonts/fa-solid-900.woff2]
[ekosh.net/wp-content/plugins/elementor/assets/lib/font-awesome/webfonts/fa-solid-900.woff]
[ekosh.net/wp-content/plugins/elementor/assets/lib/font-awesome/webfonts/fa-solid-900.ttf]
[ekosh.net/wp-content/plugins/elementor/assets/lib/font-awesome/css/solid.min52d5.css]
[ekosh.net/wp-content/uploads/elementor/css/post-14964ad9.css]
[ekosh.net/wp-json/wp/v2/pages/1496.json]
[ekosh.net/wp-json/oembed/1.0/embede2e5.json]
[ekosh.net/wp-json/oembed/1.0/embed3612]
[ekosh.net/wp-content/uploads/2021/01/bg3-home7.png]
[ekosh.net/wp-content/uploads/2021/01/bg3-home7-601x520.png]
[ekosh.net/wp-content/uploads/2021/08/Face-Avatars_26.png]
[ekosh.net/wp-content/uploads/2021/08/Face-Avatars_30.png]
[ekosh.net/wp-content/uploads/2021/08/Face-Avatars_2.png]
[ekosh.net/wp-content/uploads/2021/08/Face-Avatars_27.png]
[ekosh.net/wp-content/uploads/2021/08/Face-Avatars_23.png]
[ekosh.net/wp-content/uploads/2021/08/Face-Avatars_40.png]
[ekosh.net/wp-content/uploads/2021/08/Face-Avatars_29.png]
[ekosh.net/wp-content/uploads/2021/08/Face-Avatars_35.png]
[ekosh.net/why-choose-us/index.html]
[ekosh.net/wp-content/uploads/elementor/css/post-240703fb.css]
[ekosh.net/wp-json/wp/v2/pages/2407.json]
[ekosh.net/wp-json/oembed/1.0/embeddd90.json]
[ekosh.net/wp-json/oembed/1.0/embed7812]
[ekosh.net/wp-content/uploads/2021/08/firewall.png]
[ekosh.net/wp-content/uploads/2021/08/cctv.png]
[ekosh.net/wp-content/uploads/2021/08/network.png]
[ekosh.net/wp-content/uploads/2021/08/data-center.png]
[ekosh.net/wp-content/uploads/2021/08/servers-1.png]
[ekosh.net/wp-content/uploads/2021/08/backup.png]
[ekosh.net/it-services/index.html]
[ekosh.net/wp-content/uploads/elementor/css/post-5318989c.css]
[ekosh.net/wp-json/wp/v2/pages/5318.json]
[ekosh.net/wp-json/oembed/1.0/embed2c57.json]
[ekosh.net/wp-json/oembed/1.0/embed0434]
[ekosh.net/it-services/network-2/index.html]
[ekosh.net/wp-content/uploads/elementor/css/post-5482f603.css]
[ekosh.net/wp-json/wp/v2/pages/5482.json]
[ekosh.net/wp-json/oembed/1.0/embed8eb2.json]
[ekosh.net/wp-json/oembed/1.0/embed9fd7]
[ekosh.net/wp-content/uploads/2021/09/Rack-server-and-blade-server-together-1024x536.jpg]
[ekosh.net/wp-content/uploads/2021/09/Best-HP-rack-server-to-buy-930x620-1.jpg]
[ekosh.net/wp-content/uploads/2021/09/in_013.png]
[ekosh.net/wp-content/uploads/2021/09/16666-2-300x300.jpg]
[ekosh.net/it-services/server/index.html]
[ekosh.net/wp-content/uploads/elementor/css/post-5513a57d.css]
[ekosh.net/wp-json/wp/v2/pages/5513.json]
[ekosh.net/wp-json/oembed/1.0/embed6efa.json]
[ekosh.net/wp-json/oembed/1.0/embed6145]
[ekosh.net/it-services/data-center-2/index.html]
[ekosh.net/wp-content/uploads/elementor/css/post-54900834.css]
[ekosh.net/wp-json/wp/v2/pages/5490.json]
[ekosh.net/wp-json/oembed/1.0/embed2ed2.json]
[ekosh.net/wp-json/oembed/1.0/embedafb7]
[ekosh.net/wp-content/uploads/2021/09/437_1579661330_TS-231K_Top-left.png]
[ekosh.net/wp-content/uploads/2021/09/437_1579661330_TS-231K_Top-left-150x150.png]
[ekosh.net/wp-content/uploads/2021/09/427_1576656770_TS-230_Left-angle-of-elevation.png]
[ekosh.net/wp-content/uploads/2021/09/427_1576656770_TS-230_Left-angle-of-elevation-150x150.png]
[ekosh.net/wp-content/uploads/2021/09/438_1579661072_TS-431K_Left-angle-of-elevation.png]
[ekosh.net/wp-content/uploads/2021/09/438_1579661072_TS-431K_Left-angle-of-elevation-150x150.png]
[ekosh.net/wp-content/uploads/2021/09/196_1447728999_TS-4512B_Right-angle-of-elevation2BRemote-Control.png]
[ekosh.net/wp-content/uploads/2021/09/196_1447728999_TS-4512B_Right-angle-of-elevation2BRemote-Control-150x150.png]
[ekosh.net/wp-content/uploads/2021/09/357_1537515547_TVS-872XT_Top_Right.png]
[ekosh.net/wp-content/uploads/2021/09/357_1537515547_TVS-872XT_Top_Right-300x188.png]
[ekosh.net/wp-content/uploads/2021/09/470_1591865517_TS-1673AU-RP_front.png]
[ekosh.net/wp-content/uploads/2021/09/470_1591865517_TS-1673AU-RP_front-300x188.png]
[ekosh.net/wp-content/uploads/2021/09/468_1591865159_TS-873AU-RP_front.png]
[ekosh.net/wp-content/uploads/2021/09/468_1591865159_TS-873AU-RP_front-300x188.png]
[ekosh.net/wp-content/uploads/2021/09/290_1498792368_TS-453BU-RP-Front.png]
[ekosh.net/wp-content/uploads/2021/09/290_1498792368_TS-453BU-RP-Front-300x188.png]
[ekosh.net/wp-content/uploads/2021/09/485_1593743744_E794A2E59381E59C96_TS-h886_left_top.png]
[ekosh.net/wp-content/uploads/2021/09/485_1593743744_E794A2E59381E59C96_TS-h886_left_top-300x188.png]
[ekosh.net/wp-content/uploads/2021/09/492_1597716827_TS-h1886XU-RP_Front.png]
[ekosh.net/wp-content/uploads/2021/09/492_1597716827_TS-h1886XU-RP_Front-300x188.png]
[ekosh.net/wp-content/uploads/2021/09/368_1543202247_TS-1683XU-RP_Front.png]
[ekosh.net/wp-content/uploads/2021/09/368_1543202247_TS-1683XU-RP_Front-300x188.png]
[ekosh.net/wp-content/uploads/2021/09/380_1543390222_TS-2483XU-PR_front-1.png]
[ekosh.net/wp-content/uploads/2021/09/380_1543390222_TS-2483XU-PR_front-1-300x188.png]
[ekosh.net/wp-content/uploads/2021/09/531_s.png]
[ekosh.net/wp-content/uploads/2021/09/531_s-300x261.png]
[ekosh.net/wp-content/uploads/2021/09/532_s.png]
[ekosh.net/wp-content/uploads/2021/09/532_s-300x261.png]
[ekosh.net/it-services/storage/index.html]
[ekosh.net/wp-content/uploads/elementor/css/post-55240f6a.css]
[ekosh.net/wp-json/wp/v2/pages/5524.json]
[ekosh.net/wp-json/oembed/1.0/embed0a87.json]
[ekosh.net/wp-json/oembed/1.0/embed249c]
[ekosh.net/it-services/backup-solution/index.html]
[ekosh.net/wp-content/uploads/elementor/css/post-550500c6.css]
[ekosh.net/wp-json/wp/v2/pages/5505.json]
[ekosh.net/wp-json/oembed/1.0/embeda2ae.json]
[ekosh.net/wp-json/oembed/1.0/embed0c21]
[ekosh.net/it-services/surveillance/index.html]
[ekosh.net/wp-content/uploads/elementor/css/post-5350b4a4.css]
[ekosh.net/wp-json/wp/v2/pages/5350.json]
[ekosh.net/wp-json/oembed/1.0/embed3418.json]
[ekosh.net/wp-json/oembed/1.0/embed23b3]
[ekosh.net/it-services/security/index.html]
[ekosh.net/wp-content/uploads/elementor/css/post-18661b78.css]
[ekosh.net/wp-json/wp/v2/pages/1866.json]
[ekosh.net/wp-json/oembed/1.0/embedd2b5.json]
[ekosh.net/wp-json/oembed/1.0/embed2160]
[ekosh.net/wp-content/uploads/2019/11/project5-720x720.jpg]
[ekosh.net/wp-content/uploads/2019/11/project8-720x720.jpg]
[ekosh.net/wp-content/uploads/2019/11/project7-720x720.jpg]
[ekosh.net/wp-content/uploads/2019/11/project9-720x720.jpg]
[ekosh.net/portfolio/responsive-design/index.html]
[ekosh.net/portfolio/app-for-health/index.html]
[ekosh.net/portfolio/basics-project/index.html]
[ekosh.net/portfolio/social-media-app/index.html]
[ekosh.net/project/index.html]
[ekosh.net/wp-content/uploads/elementor/css/post-5532b863.css]
[ekosh.net/portfolio/your-new-reality/index.html]
[ekosh.net/wp-json/wp/v2/pages/5532.json]
[ekosh.net/wp-json/oembed/1.0/embed669b.json]
[ekosh.net/wp-json/oembed/1.0/embedf304]
[ekosh.net/wp-content/uploads/2021/08/003-college.png]
[ekosh.net/wp-content/uploads/2021/08/009-social-housing.png]
[ekosh.net/wp-content/uploads/2021/08/008-factory.png]
[ekosh.net/wp-content/uploads/2021/08/store.png]
[ekosh.net/wp-content/uploads/2021/08/012-colony.png]
[ekosh.net/wp-content/uploads/2021/08/010-bank.png]
[ekosh.net/wp-content/uploads/2021/08/002-office.png]
[ekosh.net/wp-content/uploads/2021/08/006-jewelry-shop.png]
[ekosh.net/wp-content/uploads/2021/08/007-fashion.png]
[ekosh.net/wp-content/uploads/2021/08/pharmacy.png]
[ekosh.net/solutions/index.html]
[ekosh.net/wp-content/uploads/elementor/css/post-1370565c.css]
[ekosh.net/wp-json/wp/v2/pages/1370.json]
[ekosh.net/wp-json/oembed/1.0/embed50f4.json]
[ekosh.net/wp-json/oembed/1.0/embed7b34]
[ekosh.net/contacts/index.html]
[ekosh.net/wp-content/uploads/2021/08/Lenovo_logo_2015.svg]
[ekosh.net/wp-content/uploads/2021/08/Qnap_Logo_2004.svg]
[ekosh.net/wp-content/uploads/2021/08/sonicwall-vector-logo.svg]
[ekosh.net/wp-content/uploads/2021/08/Sophos_logo.svg]
[ekosh.net/wp-content/uploads/2021/08/Cisco_logo.svg]
[ekosh.net/wp-content/uploads/2021/08/ruckus-networks-an-arris-company-vector-logo.svg]
[ekosh.net/wp-content/uploads/2021/08/Aruba_Networks_logo.svg]
[ekosh.net/wp-content/uploads/2021/08/CommScope_logo.svg]
[ekosh.net/wp-content/uploads/2021/08/Veeam_logo_topaz_2019.svg]
[ekosh.net/wp-content/uploads/2021/08/microsoft.svg]
[ekosh.net/wp-content/uploads/2021/08/Symantec_logo10.svg]
[ekosh.net/wp-content/uploads/2021/08/Trend-Micro-Logo.svg]
[ekosh.net/wp-content/uploads/elementor/css/post-182822db.css]
[ekosh.net/portfolio/app-for-virtual-reality/feed/index.html]
[ekosh.net/wp-json/oembed/1.0/embed0ed1.json]
[ekosh.net/wp-json/oembed/1.0/embedf5b3]
[ekosh.net/wp-content/uploads/2019/11/project-details-1.jpg]
[ekosh.net/wp-content/uploads/2019/11/project-details-s1.png]
[ekosh.net/wp-content/uploads/2019/11/project-details-s2.png]
[ekosh.net/wp-content/uploads/2021/09/Best-HP-rack-server-to-buy-930x620-1-300x200.jpg]
[ekosh.net/wp-content/uploads/2021/09/Rack-server-and-blade-server-together.jpg]
[ekosh.net/wp-content/uploads/2021/09/Rack-server-and-blade-server-together-300x157.jpg]
[ekosh.net/wp-content/uploads/2021/09/431_1576659724_TS-251D_Right-angle-of-elevation.png]
[ekosh.net/wp-content/uploads/2021/09/431_1576659724_TS-251D_Right-angle-of-elevation-300x188.png]
[ekosh.net/wp-content/uploads/2021/09/195_1447728785_TS-2512B_left-angle-of-elevation2BRemote-Control.png]
[ekosh.net/wp-content/uploads/2021/09/195_1447728785_TS-2512B_left-angle-of-elevation2BRemote-Control-300x188.png]
[ekosh.net/wp-content/uploads/2021/09/437_1579661330_TS-231K_Top-left-300x188.png]
[ekosh.net/wp-content/uploads/2019/11/project12-720x720.jpg]
[ekosh.net/wp-includes/js/comment-reply.min3781.js]
[ekosh.net/portfolio/app-for-virtual-reality/index.html]
[ekosh.net/portfolio/crypto-app-project/index.html]
[ekosh.net/portfolio-category/design/feed/index.html]
[ekosh.net/portfolio-category/design/index.html]
[ekosh.net/portfolio/index.html]
[ekosh.net/portfolio-category/ideas/index.html]
[ekosh.net/portfolio-category/ideas/feed/index.html]
[ekosh.net/wp-content/uploads/elementor/css/post-18276870.css]
[ekosh.net/portfolio/mobile-coin-view-app/feed/index.html]
[ekosh.net/wp-json/oembed/1.0/embed79f8.json]
[ekosh.net/wp-json/oembed/1.0/embed6441]
[ekosh.net/wp-content/uploads/2019/11/project-details-2.jpg]
[ekosh.net/wp-content/uploads/2019/11/project-details-12.jpg]
[ekosh.net/wp-content/uploads/2019/11/project-details-9.jpg]
[ekosh.net/portfolio/mobile-coin-view-app/index.html]
[ekosh.net/portfolio/corporate-website/index.html]
[ekosh.net/portfolio-category/development/feed/index.html]
[ekosh.net/portfolio-category/development/index.html]
[ekosh.net/wp-content/uploads/elementor/css/post-1826ecc2.css]
[ekosh.net/wp-json/oembed/1.0/embed5798.json]
[ekosh.net/portfolio/analysis-of-security/feed/index.html]
[ekosh.net/wp-json/oembed/1.0/embed2eb3]
[ekosh.net/wp-content/uploads/2019/11/project-details-3.jpg]
[ekosh.net/portfolio/analysis-of-security/index.html]
[ekosh.net/portfolio-category/technology/index.html]
[ekosh.net/portfolio-category/technology/feed/index.html]
[ekosh.net/wp-content/uploads/elementor/css/post-18255dc3.css]
[ekosh.net/portfolio/immersive-experience/index.html]
[ekosh.net/portfolio/ecommerce-website/feed/index.html]
[ekosh.net/wp-json/oembed/1.0/embedf9bc.json]
[ekosh.net/wp-json/oembed/1.0/embed5155]
[ekosh.net/wp-content/uploads/2019/11/project-details-4.jpg]
[ekosh.net/portfolio/ecommerce-website/index.html]
[ekosh.net/wp-content/uploads/elementor/css/post-2843f2cd.css]
[ekosh.net/wp-content/uploads/elementor/css/post-28545ca8.css]
[ekosh.net/wp-content/uploads/elementor/css/post-2856ef08.css]
[ekosh.net/wp-content/uploads/elementor/css/post-313464f9.css]
[ekosh.net/wp-content/plugins/elementor/assets/lib/animations/animations.min3d36.css]
[ekosh.net/wp-content/plugins/elementor/assets/lib/font-awesome/webfonts/fa-brands-400.eot]
[ekosh.net/wp-content/plugins/elementor/assets/lib/font-awesome/webfonts/fa-brands-400d41d.eot]
[ekosh.net/wp-content/plugins/elementor/assets/lib/font-awesome/webfonts/fa-brands-400.woff2]
[ekosh.net/wp-content/plugins/elementor/assets/lib/font-awesome/webfonts/fa-brands-400.woff]
[ekosh.net/wp-content/plugins/elementor/assets/lib/font-awesome/webfonts/fa-brands-400.ttf]
[ekosh.net/wp-content/plugins/elementor/assets/lib/font-awesome/css/brands.min52d5.css]
[ekosh.net/wp-content/plugins/revslider/public/assets/fonts/revicons/revicons90c6.eot]
[ekosh.net/wp-content/plugins/revslider/public/assets/fonts/revicons/revicons90c6.woff]
[ekosh.net/wp-content/plugins/revslider/public/assets/fonts/revicons/revicons90c6.ttf]
[ekosh.net/wp-content/plugins/revslider/public/assets/assets/gridtile.png]
[ekosh.net/wp-content/plugins/revslider/public/assets/assets/gridtile_white.png]
[ekosh.net/wp-content/plugins/revslider/public/assets/assets/gridtile_3x3.png]
[ekosh.net/wp-content/plugins/revslider/public/assets/assets/gridtile_3x3_white.png]
[ekosh.net/wp-content/plugins/revslider/public/assets/assets/coloredbg.png]
[ekosh.net/wp-content/plugins/revslider/public/assets/assets/loader.gif]
[ekosh.net/wp-content/plugins/revslider/public/assets/css/rs6adc6.css]
[ekosh.net/wp-content/themes/engitech/fonts/fa-brands-400.svg]
[ekosh.net/wp-content/themes/engitech/fonts/fa-regular-400.svg]
[ekosh.net/wp-content/themes/engitech/fonts/fa-solid-900.svg]
[ekosh.net/wp-content/themes/engitech/fonts/Flaticon.svg]
[ekosh.net/wp-content/themes/engitech/images/close.png]
[ekosh.net/wp-content/themes/engitech/style.css]
[ekosh.net/wp-content/plugins/elementor/assets/lib/eicons/fonts/eicons02d6.svg]
[ekosh.net/wp-content/plugins/elementor/assets/lib/font-awesome/webfonts/fa-solid-900.svg]
[ekosh.net/wp-content/uploads/elementor/css/post-14964ad9.css]
[ekosh.net/indexa283.html]
[ekosh.net/why-choose-us/support.html]
[ekosh.net/wp-content/uploads/elementor/css/post-240703fb.css]
[ekosh.net/index2807.html]
[ekosh.net/it-services/support.html]
[ekosh.net/wp-content/uploads/elementor/css/post-5318989c.css]
[ekosh.net/indexc387.html]
[ekosh.net/wp-content/uploads/2021/09/Cisco_logo.svg]
[ekosh.net/wp-content/uploads/2021/09/Aruba_Networks_logo.svg]
[ekosh.net/wp-content/uploads/2021/09/Netgear_logo_2014.svg]
[ekosh.net/wp-content/uploads/2021/09/CommScope_logo.svg]
[ekosh.net/wp-content/uploads/2021/09/schindler-seeklogo.com_.svg]
[ekosh.net/wp-content/uploads/2021/09/Molex-Logo.svg]
[ekosh.net/wp-content/uploads/2021/09/rucks.svg]
[ekosh.net/wp-content/uploads/2021/09/Ubiquiti_Networks.svg]
[ekosh.net/wp-content/uploads/2021/09/Airspan_Networks_logo.svg]
[ekosh.net/wp-content/uploads/2021/09/Aruba_Networks_logo-1.svg]
[ekosh.net/wp-content/uploads/2021/09/cambbium.svg]
[ekosh.net/wp-content/uploads/2021/09/Cisco_logo-1.svg]
[ekosh.net/it-services/network-2/support.html]
[ekosh.net/wp-content/uploads/elementor/css/post-5482f603.css]
[ekosh.net/index0a99.html]
[ekosh.net/wp-content/uploads/2021/09/Dell_Logo.svg]
[ekosh.net/wp-content/uploads/2021/09/HP_New_Logo_2D.svg]
[ekosh.net/wp-content/uploads/2021/09/Vmware.svg]
[ekosh.net/it-services/server/support.html]
[ekosh.net/wp-content/uploads/elementor/css/post-5513a57d.css]
[ekosh.net/indexe106.html]
[ekosh.net/it-services/data-center-2/support.html]
[ekosh.net/wp-content/uploads/elementor/css/post-54900834.css]
[ekosh.net/index03b7.html]
[ekosh.net/it-services/storage/support.html]
[ekosh.net/wp-content/uploads/elementor/css/post-55240f6a.css]
[ekosh.net/indexfac4.html]
[ekosh.net/it-services/backup-solution/support.html]
[ekosh.net/wp-content/uploads/elementor/css/post-550500c6.css]
[ekosh.net/index73cd.html]
[ekosh.net/it-services/surveillance/support.html]
[ekosh.net/wp-content/uploads/elementor/css/post-5350b4a4.css]
[ekosh.net/indexf8f6.html]
[ekosh.net/it-services/security/support.html]
[ekosh.net/wp-content/uploads/elementor/css/post-18661b78.css]
[ekosh.net/index37d5.html]
[ekosh.net/wp-content/uploads/elementor/css/post-146349ab.css]
[ekosh.net/portfolio/responsive-design/feed/index.html]
[ekosh.net/wp-json/oembed/1.0/embed4a45.json]
[ekosh.net/wp-json/oembed/1.0/embede6e6]
[ekosh.net/wp-content/uploads/2019/11/project-details-6.jpg]
[ekosh.net/wp-content/uploads/2019/11/project-details-8.jpg]
[ekosh.net/portfolio/responsive-design/index.html]
[ekosh.net/wp-content/uploads/elementor/css/post-1461a689.css]
[ekosh.net/wp-json/oembed/1.0/embed9920.json]
[ekosh.net/portfolio/app-for-health/feed/index.html]
[ekosh.net/wp-json/oembed/1.0/embed5fd6]
[ekosh.net/wp-content/uploads/2019/11/project-details-5.jpg]
[ekosh.net/portfolio/app-for-health/index.html]
[ekosh.net/wp-content/uploads/elementor/css/post-18244e28.css]
[ekosh.net/portfolio/basics-project/feed/index.html]
[ekosh.net/wp-json/oembed/1.0/embed0ab0.json]
[ekosh.net/wp-json/oembed/1.0/embed8c2c]
[ekosh.net/portfolio/basics-project/index.html]
[ekosh.net/wp-content/uploads/elementor/css/post-18233b87.css]
[ekosh.net/wp-json/oembed/1.0/embedd04f.json]
[ekosh.net/portfolio/social-media-app/feed/index.html]
[ekosh.net/wp-json/oembed/1.0/embed8499]
[ekosh.net/wp-content/uploads/2019/11/project-details-7.jpg]
[ekosh.net/portfolio/social-media-app/index.html]
[ekosh.net/wp-content/uploads/elementor/css/post-1455350e.css]
[ekosh.net/portfolio/your-new-reality/feed/index.html]
[ekosh.net/wp-json/oembed/1.0/embedde24.json]
[ekosh.net/wp-json/oembed/1.0/embeda75b]
[ekosh.net/portfolio/your-new-reality/index.html]
[ekosh.net/project/support.html]
[ekosh.net/wp-content/uploads/elementor/css/post-5532b863.css]
[ekosh.net/indexdb58.html]
[ekosh.net/solutions/support.html]
[ekosh.net/wp-content/uploads/elementor/css/post-1370565c.css]
[ekosh.net/index8348.html]
[ekosh.net/contacts/support.html]
[ekosh.net/wp-content/uploads/2021/08/lenovo.html]
[ekosh.net/wp-content/uploads/2021/08/Symantec_logo.html]
[ekosh.net/wp-content/uploads/elementor/css/post-182822db.css]
[ekosh.net/index9732.html]
[ekosh.net/wp-content/uploads/elementor/css/post-18202f63.css]
[ekosh.net/portfolio/crypto-app-project/feed/index.html]
[ekosh.net/wp-json/oembed/1.0/embeddad7.json]
[ekosh.net/wp-json/oembed/1.0/embed7cd8]
[ekosh.net/portfolio/crypto-app-project/index.html]
[ekosh.net/portfolio/app-for-virtual-reality/support.html]
[ekosh.net/portfolio/index.html]
[ekosh.net/portfolio-category/design/support.html]
[ekosh.net/portfolio-category/ideas/support.html]
[ekosh.net/wp-content/uploads/elementor/css/post-18276870.css]
[ekosh.net/index72ff.html]
[ekosh.net/wp-content/uploads/elementor/css/post-18210bb8.css]
[ekosh.net/portfolio/feed/index.html]
[ekosh.net/portfolio/page/2/index.html]
[ekosh.net/portfolio/corporate-website/feed/index.html]
[ekosh.net/wp-json/oembed/1.0/embed6b3e.json]
[ekosh.net/wp-json/oembed/1.0/embed6471]
[ekosh.net/wp-content/uploads/2019/11/project-details-11.jpg]
[ekosh.net/portfolio/corporate-website/index.html]
[ekosh.net/portfolio/mobile-coin-view-app/support.html]
[ekosh.net/portfolio-category/development/support.html]
[ekosh.net/wp-content/uploads/elementor/css/post-1826ecc2.css]
[ekosh.net/index45eb.html]
[ekosh.net/portfolio/analysis-of-security/support.html]
[ekosh.net/wp-content/uploads/elementor/css/post-18227b1a.css]
[ekosh.net/wp-json/oembed/1.0/embed855f.json]
[ekosh.net/portfolio/immersive-experience/feed/index.html]
[ekosh.net/wp-json/oembed/1.0/embed7cb3]
[ekosh.net/wp-content/uploads/2019/11/project-details-10.jpg]
[ekosh.net/portfolio/immersive-experience/index.html]
[ekosh.net/portfolio-category/technology/support.html]
[ekosh.net/wp-content/uploads/elementor/css/post-18255dc3.css]
[ekosh.net/index1b9e.html]
[ekosh.net/portfolio/ecommerce-website/support.html]
[ekosh.net/wp-content/plugins/elementor/assets/lib/font-awesome/webfonts/fa-brands-400.svg]
[ekosh.net/wp-content/plugins/revslider/public/assets/fonts/revicons/revicons90c6.svg]
[ekosh.net/wp-content/plugins/revslider/public/assets/css/openhand.html]
[ekosh.net/wp-content/plugins/revslider/public/assets/css/closedhand.html]
[ekosh.net/wp-content/uploads/2021/09/Netgear_2014.html]
[ekosh.net/wp-content/uploads/elementor/css/post-146349ab.css]
[ekosh.net/indexb823.html]
[ekosh.net/portfolio/responsive-design/support.html]
[ekosh.net/wp-content/uploads/elementor/css/post-1461a689.css]
[ekosh.net/index2bd5.html]
[ekosh.net/portfolio/app-for-health/support.html]
[ekosh.net/wp-content/uploads/elementor/css/post-18244e28.css]
[ekosh.net/index952b.html]
[ekosh.net/portfolio/basics-project/support.html]
[ekosh.net/wp-content/uploads/elementor/css/post-18233b87.css]
[ekosh.net/index20fc.html]
[ekosh.net/portfolio/social-media-app/support.html]
[ekosh.net/wp-content/uploads/elementor/css/post-1455350e.css]
[ekosh.net/indexe11a.html]
[ekosh.net/portfolio/your-new-reality/support.html]
[ekosh.net/support/index.html]
[ekosh.net/wp-content/uploads/elementor/css/post-18202f63.css]
[ekosh.net/index7a6c.html]
[ekosh.net/portfolio/crypto-app-project/support.html]
[ekosh.net/portfolio/page/2/index.html]
[ekosh.net/portfolio/support.html]
[ekosh.net/wp-content/uploads/elementor/css/post-18210bb8.css]
[ekosh.net/index2591.html]
[ekosh.net/portfolio/corporate-website/support.html]
[ekosh.net/wp-content/uploads/elementor/css/post-18227b1a.css]
[ekosh.net/index762b.html]
[ekosh.net/portfolio/immersive-experience/support.html]
[ekosh.net/portfolio/page/1/index.html]
[ekosh.net/portfolio/page/2/support.html]
